// Jest Snapshot v1, https://goo.gl/fbAQLP

exports[`<Dialog/> 1`] = `
<a
  className="Link__link___-IU0S Dialog__dialog___3Z4Fy Dialog__open___oVAzw"
  href="/"
  onClick={[Function]}
  onMouseEnter={[Function]}
>
  <div>
    component for dialog
  </div>
</a>
`;

exports[`<Dialog/> 2`] = `null`;
