// Jest Snapshot v1, https://goo.gl/fbAQLP

exports[`renders description close shallow correctly 1`] = `
<div>
  1
  2
  3
</div>
`;

exports[`renders description close shallow correctly 2`] = `
<div>
  str
</div>
`;

exports[`renders description close shallow correctly 3`] = `null`;
