// Jest Snapshot v1, https://goo.gl/fbAQLP

exports[`renders image correctly 1`] = `
<img
  className="Image__image___2zFQr"
  src="https://image.tmdb.org/t/p/w500//image-ib.jpg"
/>
`;

exports[`renders image correctly 2`] = `
<img
  className="Image__image___2zFQr Component__class-name__hash"
  src="images/image-ib.jpg"
/>
`;

exports[`renders image uncorrectly 1`] = `null`;
