// Jest Snapshot v1, https://goo.gl/fbAQLP

exports[`<Image/> 1`] = `null`;

exports[`<Image/> 2`] = `
<img
  className="Image__image___2zFQr"
  src="https://image.tmdb.org/t/p/w500//image-ib.jpg"
/>
`;

exports[`<Image/> 3`] = `
<img
  className="Image__image___2zFQr Component__class-name__hash"
  src="images/image-ib.jpg"
/>
`;
